Traceback (most recent call last):
  File "C:\Users\daoph\.espressif\frameworks\esp-idf-v5.0.1\components\partition_table\gen_esp32part.py", line 166, in from_csv
    res.append(PartitionDefinition.from_csv(line, line_no + 1))
               ^^^^^^^^^^^^^^^^^^^^^^^^^^^^^^^^^^^^^^^^^^^^^^^
  File "C:\Users\daoph\.espressif\frameworks\esp-idf-v5.0.1\components\partition_table\gen_esp32part.py", line 360, in from_csv
    raise InputError("CSV flag column contains unknown flag '%s'" % (flag))
gen_esp32part.InputError: CSV flag column contains unknown flag 'encryted'

During handling of the above exception, another exception occurred:

Traceback (most recent call last):
  File "C:\Users\daoph\.espressif\frameworks\esp-idf-v5.0.1\components\partition_table\parttool.py", line 358, in <module>
    main()
  File "C:\Users\daoph\.espressif\frameworks\esp-idf-v5.0.1\components\partition_table\parttool.py", line 327, in main
    target = ParttoolTarget(**target_args)
             ^^^^^^^^^^^^^^^^^^^^^^^^^^^^^
  File "C:\Users\daoph\.espressif\frameworks\esp-idf-v5.0.1\components\partition_table\parttool.py", line 97, in __init__
    partition_table = gen.PartitionTable.from_csv(f.read())
                      ^^^^^^^^^^^^^^^^^^^^^^^^^^^^^^^^^^^^^
  File "C:\Users\daoph\.espressif\frameworks\esp-idf-v5.0.1\components\partition_table\gen_esp32part.py", line 168, in from_csv
    raise InputError('Error at line %d: %s\nPlease check extra_partition_subtypes.inc file in build/config directory' % (line_no + 1, err))
gen_esp32part.InputError: Error at line 4: CSV flag column contains unknown flag 'encryted'
Please check extra_partition_subtypes.inc file in build/config directory
Traceback (most recent call last):
  File "C:\Users\daoph\.espressif\frameworks\esp-idf-v5.0.1\components\partition_table\gen_esp32part.py", line 166, in from_csv
    res.append(PartitionDefinition.from_csv(line, line_no + 1))
               ^^^^^^^^^^^^^^^^^^^^^^^^^^^^^^^^^^^^^^^^^^^^^^^
  File "C:\Users\daoph\.espressif\frameworks\esp-idf-v5.0.1\components\partition_table\gen_esp32part.py", line 360, in from_csv
    raise InputError("CSV flag column contains unknown flag '%s'" % (flag))
gen_esp32part.InputError: CSV flag column contains unknown flag 'encryted'

During handling of the above exception, another exception occurred:

Traceback (most recent call last):
  File "C:\Users\daoph\.espressif\frameworks\esp-idf-v5.0.1\components\partition_table\parttool.py", line 358, in <module>
    main()
  File "C:\Users\daoph\.espressif\frameworks\esp-idf-v5.0.1\components\partition_table\parttool.py", line 327, in main
    target = ParttoolTarget(**target_args)
             ^^^^^^^^^^^^^^^^^^^^^^^^^^^^^
  File "C:\Users\daoph\.espressif\frameworks\esp-idf-v5.0.1\components\partition_table\parttool.py", line 97, in __init__
    partition_table = gen.PartitionTable.from_csv(f.read())
                      ^^^^^^^^^^^^^^^^^^^^^^^^^^^^^^^^^^^^^
  File "C:\Users\daoph\.espressif\frameworks\esp-idf-v5.0.1\components\partition_table\gen_esp32part.py", line 168, in from_csv
    raise InputError('Error at line %d: %s\nPlease check extra_partition_subtypes.inc file in build/config directory' % (line_no + 1, err))
gen_esp32part.InputError: Error at line 4: CSV flag column contains unknown flag 'encryted'
Please check extra_partition_subtypes.inc file in build/config directory
Traceback (most recent call last):
  File "C:\Users\daoph\.espressif\frameworks\esp-idf-v5.0.1\components\partition_table\gen_esp32part.py", line 166, in from_csv
    res.append(PartitionDefinition.from_csv(line, line_no + 1))
               ^^^^^^^^^^^^^^^^^^^^^^^^^^^^^^^^^^^^^^^^^^^^^^^
  File "C:\Users\daoph\.espressif\frameworks\esp-idf-v5.0.1\components\partition_table\gen_esp32part.py", line 360, in from_csv
    raise InputError("CSV flag column contains unknown flag '%s'" % (flag))
gen_esp32part.InputError: CSV flag column contains unknown flag 'encryted'

During handling of the above exception, another exception occurred:

Traceback (most recent call last):
  File "C:\Users\daoph\.espressif\frameworks\esp-idf-v5.0.1\components\partition_table\parttool.py", line 358, in <module>
    main()
  File "C:\Users\daoph\.espressif\frameworks\esp-idf-v5.0.1\components\partition_table\parttool.py", line 327, in main
    target = ParttoolTarget(**target_args)
             ^^^^^^^^^^^^^^^^^^^^^^^^^^^^^
  File "C:\Users\daoph\.espressif\frameworks\esp-idf-v5.0.1\components\partition_table\parttool.py", line 97, in __init__
    partition_table = gen.PartitionTable.from_csv(f.read())
                      ^^^^^^^^^^^^^^^^^^^^^^^^^^^^^^^^^^^^^
  File "C:\Users\daoph\.espressif\frameworks\esp-idf-v5.0.1\components\partition_table\gen_esp32part.py", line 168, in from_csv
    raise InputError('Error at line %d: %s\nPlease check extra_partition_subtypes.inc file in build/config directory' % (line_no + 1, err))
gen_esp32part.InputError: Error at line 4: CSV flag column contains unknown flag 'encryted'
Please check extra_partition_subtypes.inc file in build/config directory
Traceback (most recent call last):
  File "C:\Users\daoph\.espressif\frameworks\esp-idf-v5.0.1\components\partition_table\gen_esp32part.py", line 166, in from_csv
    res.append(PartitionDefinition.from_csv(line, line_no + 1))
               ^^^^^^^^^^^^^^^^^^^^^^^^^^^^^^^^^^^^^^^^^^^^^^^
  File "C:\Users\daoph\.espressif\frameworks\esp-idf-v5.0.1\components\partition_table\gen_esp32part.py", line 360, in from_csv
    raise InputError("CSV flag column contains unknown flag '%s'" % (flag))
gen_esp32part.InputError: CSV flag column contains unknown flag 'encryted'

During handling of the above exception, another exception occurred:

Traceback (most recent call last):
  File "C:\Users\daoph\.espressif\frameworks\esp-idf-v5.0.1\components\partition_table\parttool.py", line 358, in <module>
    main()
  File "C:\Users\daoph\.espressif\frameworks\esp-idf-v5.0.1\components\partition_table\parttool.py", line 327, in main
    target = ParttoolTarget(**target_args)
             ^^^^^^^^^^^^^^^^^^^^^^^^^^^^^
  File "C:\Users\daoph\.espressif\frameworks\esp-idf-v5.0.1\components\partition_table\parttool.py", line 97, in __init__
    partition_table = gen.PartitionTable.from_csv(f.read())
                      ^^^^^^^^^^^^^^^^^^^^^^^^^^^^^^^^^^^^^
  File "C:\Users\daoph\.espressif\frameworks\esp-idf-v5.0.1\components\partition_table\gen_esp32part.py", line 168, in from_csv
    raise InputError('Error at line %d: %s\nPlease check extra_partition_subtypes.inc file in build/config directory' % (line_no + 1, err))
gen_esp32part.InputError: Error at line 4: CSV flag column contains unknown flag 'encryted'
Please check extra_partition_subtypes.inc file in build/config directory
Traceback (most recent call last):
  File "C:\Users\daoph\.espressif\frameworks\esp-idf-v5.0.1\components\partition_table\gen_esp32part.py", line 166, in from_csv
    res.append(PartitionDefinition.from_csv(line, line_no + 1))
               ^^^^^^^^^^^^^^^^^^^^^^^^^^^^^^^^^^^^^^^^^^^^^^^
  File "C:\Users\daoph\.espressif\frameworks\esp-idf-v5.0.1\components\partition_table\gen_esp32part.py", line 360, in from_csv
    raise InputError("CSV flag column contains unknown flag '%s'" % (flag))
gen_esp32part.InputError: CSV flag column contains unknown flag 'encryted'

During handling of the above exception, another exception occurred:

Traceback (most recent call last):
  File "C:\Users\daoph\.espressif\frameworks\esp-idf-v5.0.1\components\partition_table\parttool.py", line 358, in <module>
    main()
  File "C:\Users\daoph\.espressif\frameworks\esp-idf-v5.0.1\components\partition_table\parttool.py", line 327, in main
    target = ParttoolTarget(**target_args)
             ^^^^^^^^^^^^^^^^^^^^^^^^^^^^^
  File "C:\Users\daoph\.espressif\frameworks\esp-idf-v5.0.1\components\partition_table\parttool.py", line 97, in __init__
    partition_table = gen.PartitionTable.from_csv(f.read())
                      ^^^^^^^^^^^^^^^^^^^^^^^^^^^^^^^^^^^^^
  File "C:\Users\daoph\.espressif\frameworks\esp-idf-v5.0.1\components\partition_table\gen_esp32part.py", line 168, in from_csv
    raise InputError('Error at line %d: %s\nPlease check extra_partition_subtypes.inc file in build/config directory' % (line_no + 1, err))
gen_esp32part.InputError: Error at line 4: CSV flag column contains unknown flag 'encryted'
Please check extra_partition_subtypes.inc file in build/config directory
